// Jest Snapshot v1, https://goo.gl/fbAQLP

exports[`Components/AppConfig renders without an error" 1`] = `
<div>
  <h2>
    Embrace
  </h2>
  <p>
    The Embrace App is a plugin for Grafana that gives teams an easy way to visualize Embrace dashboards using Embrace Metrics API data powered by Prometheus.
  </p>
  <p>
    Get out-of-the-box Embrace dashboards in minutes with our simple configuration. Enter your Embrace API Token below and click to Enable the Application.
  </p>
  <div
    class="css-1uqla6q"
  >
    <label
      class="css-sv1dwo"
    >
      Embrace API Token
    </label>
    <div
      class="css-1tu59u4"
    >
      <div
        class="css-1u59p4y-input-wrapper"
        data-testid="input-wrapper"
      >
        <div
          class="css-10lnb82-input-inputWrapper"
        >
          <input
            class="css-xmqqi8-input-input"
            placeholder="Token"
            value=""
          />
        </div>
      </div>
    </div>
  </div>
  <div
    class="gf-form gf-form-button-row"
  >
    <button
      aria-disabled="false"
      class="css-a4433t-button"
      disabled=""
      type="button"
    >
      <span
        class="css-1riaxdn"
      >
        Enable
      </span>
    </button>
  </div>
</div>
`;
